      3    134

Kwal0.3      MTTGLMRHFS RTKAHRDSMF RNLVSQLFQH GSIVSTHEKC LEASRMAERI ITMAKEIQSR LSLAGDNSKL LRRVVNELAP RYQQRPGGYT RVLKLEPRLG DRAKQSVLEL VDAPIVGENG TLQRGDLKLW LLCK
SAKL0D07062g  MTVGLARHLS RTKPHRDALL KNLVTQLFQH GSITSTHEKC KEASRLAERA ITIAKELQSR LFHSGDNSKV LKKLLQEIAP RCVTRPGGYT RVLHLEPRLG DRARQSVLEL VDNPVIDQNG QFQRGNLKLW LLCK
KLLA0F01793g  MTRGLARHLS RTKPHRDALI RNMATQLLQH GTISSTTPKL KETQRYVERI ITIAKELQSR LYLSGDNSKL LKKLFDEIAP RYTARNGGYT RVMKLEPRLG DRAPQAILEL VDAPVQNEDG QLLKGNLKLW LLTK



Printing out site pattern counts


         3         72  P

Kwal0.3      AAAAAACCDD EEEFFFGGHH IIIIKKKLLL LLLLMMMMMN NNPPQQQQRR RRSSSSSSST TTVVVVVVVW YY
SAKL0D07062g  AAANPSCCDN EEQFLLDGHH AILVHKRFHI KLLVAILLMN NQPPQQTVKK RRAFSSSSTQ TVILLTVVVW CY
KLLA0F01793g  ATVAPSLTDN EPELILNGHT IILVKKPLLI KLMLAILYMD NDNPLQATKR KRAYAQSTTQ TRQFLSAIVW YY



    3    1    1    1    1    1    1    1    4    1    6    1    1    1    1
    1    1    8    3    1    1    2    1    1    1    6    1    1    1    1
    1   12    2    1    1    1    1    1    1    1    2    1    1    3    1
    4    1    1    2    1    1   11    1    1    1    1    4    1    1    1
    5    1    1    1    1    1    1    1    2    1    1    1

AAML (in paml version 4.5, December 2011)  /Users/bingwang/VimWork/lib/test/Kwal0.3_SAKL0D07062g_KLLA0F01793g.aa
Model: REVaa_0 for branches(nrate:74) ns =   3  ls = 134


Frequencies..
                                    A      R      N      D      C      Q      E      G      H      I      L      K      M      F      P      S      T      W      Y      V
Kwal0.3                        0.0597 0.1119 0.0299 0.0373 0.0149 0.0522 0.0597 0.0672 0.0299 0.0373 0.1418 0.0597 0.0373 0.0224 0.0299 0.0746 0.0522 0.0075 0.0149 0.0597
SAKL0D07062g                   0.0597 0.0970 0.0373 0.0373 0.0224 0.0597 0.0522 0.0597 0.0448 0.0373 0.1567 0.0746 0.0075 0.0224 0.0373 0.0597 0.0597 0.0075 0.0075 0.0597
KLLA0F01793g                   0.0672 0.0970 0.0373 0.0448 0.0000 0.0522 0.0522 0.0597 0.0224 0.0522 0.1642 0.0821 0.0224 0.0075 0.0448 0.0448 0.0821 0.0075 0.0299 0.0299

Homogeneity statistic: X2 = 0.11694 G = 0.13177 

Average                         0.0622  0.1020  0.0348  0.0398  0.0124  0.0547  0.0547  0.0622  0.0323  0.0423  0.1542  0.0721  0.0224  0.0174  0.0373  0.0597  0.0647  0.0075  0.0174  0.0498

# constant sites:     78 (58.21%)
ln Lmax (unconstrained) = -520.476455

AA distances (raw proportions of different sites)

Kwal0.3        
SAKL0D07062g     0.2836
KLLA0F01793g     0.3507  0.2910

Time used:  0:00
